// Jest Snapshot v1, https://goo.gl/fbAQLP

exports[`DialogFooter Should render correctly 1`] = `
<hr
  class="MuiDivider-root MuiDivider-fullWidth tss-1pam8iy-Divider-root-Divider-horizontal mui-9mgopn-MuiDivider-root"
/>
`;
