// Jest Snapshot v1, https://goo.gl/fbAQLP

exports[`DropdownList Should render menu items 1`] = `
<div
  class="tss-194ixmc-DropdownList-root"
  data-popper-escaped=""
  data-popper-placement="bottom-end"
  data-popper-reference-hidden=""
  role="tooltip"
  style="position: absolute; left: 0px; top: 0px; margin: 0px; right: 0px; transform: translate(0px, 4px);"
>
  <div
    class="tss-wkvj97-Surface-root-DropdownList-surfaceRoot"
  >
    <div
      class="tss-vja05h-DropdownList-header"
    >
      <h4
        class="tss-1-Typography-headerFunctional-ref tss-l9ejq1-Typography-root-Typography-headerFunctional-Typography-h4"
      >
        Dropdown header
      </h4>
    </div>
    <hr
      class="MuiDivider-root MuiDivider-fullWidth tss-1pam8iy-Divider-root-Divider-horizontal mui-9mgopn-MuiDivider-root"
    />
    <div
      class="tss-1eox161-SpinnerWithBackdrop-root-DropdownList-fullSpinner"
    >
      <div
        class=""
      >
        <div
          class=""
        >
          <div
            class="tss-3u1d75-VirtualizedList-autosizer"
            style="overflow: visible;"
          >
            <div
              class="tss-182o6y1-VirtualizedList-root"
              style="position: relative; height: 96px; width: 100%; overflow: auto; will-change: transform; direction: ltr;"
            >
              <ul
                style="height: 96px; width: 100%;"
              >
                <li
                  class="tss-1m62q20-VirtualizedList-row"
                  style="position: absolute; left: 0px; top: 0px; height: 48px; max-width: 100%;"
                >
                  <div
                    class="tss-1awyf5s-MenuItem-root MuiMenuItem-root MuiMenuItem-gutters MuiButtonBase-root  mui-t7a2rv-MuiButtonBase-root-MuiMenuItem-root"
                    role="menuitem"
                    tabindex="-1"
                  >
                    <button
                      class="MuiButtonBase-root tss-22-MenuItem-wrapper-ref tss-19jpft6-ButtonBase-root-ButtonBase-focusInset-MenuItem-wrapper mui-10d1a0h-MuiButtonBase-root"
                      tabindex="0"
                      type="button"
                    >
                      <div
                        class="tss-sqs6xo-MenuItem-labelWrapper-MenuItem-label"
                      >
                        <div
                          class="tss-1-Typography-weightRegular-ref tss-m39tug-Typography-root-Typography-weightRegular-Tooltip-wrapper-TruncatedText-truncatedText-MenuItem-label-Typography-body400"
                          data-mui-internal-clone-element="true"
                        >
                          <span
                            class="tss-1-Typography-weightRegular-ref tss-b5vov3-Typography-root-Typography-weightRegular-TruncatedText-truncatedText-Typography-body500"
                          >
                            item_1
                          </span>
                        </div>
                      </div>
                    </button>
                  </div>
                </li>
                <li
                  class="tss-1m62q20-VirtualizedList-row"
                  style="position: absolute; left: 0px; top: 48px; height: 48px; max-width: 100%;"
                >
                  <div
                    class="tss-1awyf5s-MenuItem-root MuiMenuItem-root MuiMenuItem-gutters MuiButtonBase-root  mui-t7a2rv-MuiButtonBase-root-MuiMenuItem-root"
                    role="menuitem"
                    tabindex="-1"
                  >
                    <button
                      class="MuiButtonBase-root tss-22-MenuItem-wrapper-ref tss-19jpft6-ButtonBase-root-ButtonBase-focusInset-MenuItem-wrapper mui-10d1a0h-MuiButtonBase-root"
                      tabindex="0"
                      type="button"
                    >
                      <div
                        class="tss-sqs6xo-MenuItem-labelWrapper-MenuItem-label"
                      >
                        <div
                          class="tss-1-Typography-weightRegular-ref tss-m39tug-Typography-root-Typography-weightRegular-Tooltip-wrapper-TruncatedText-truncatedText-MenuItem-label-Typography-body400"
                          data-mui-internal-clone-element="true"
                        >
                          <span
                            class="tss-1-Typography-weightRegular-ref tss-b5vov3-Typography-root-Typography-weightRegular-TruncatedText-truncatedText-Typography-body500"
                          >
                            item_2
                          </span>
                        </div>
                      </div>
                    </button>
                  </div>
                </li>
              </ul>
            </div>
          </div>
          <div
            class="resize-triggers"
          >
            <div
              class="expand-trigger"
            >
              <div
                style="width: 1px; height: 101px;"
              />
            </div>
            <div
              class="contract-trigger"
            />
          </div>
        </div>
      </div>
    </div>
    <div
      class="tss-zwovav-DropdownList-actionItem"
    >
      <hr
        class="MuiDivider-root MuiDivider-fullWidth tss-1pam8iy-Divider-root-Divider-horizontal mui-9mgopn-MuiDivider-root"
      />
      <div>
        Action
      </div>
    </div>
  </div>
</div>
`;
