// Jest Snapshot v1, https://goo.gl/fbAQLP

exports[`IconButton Should render correctly 1`] = `
<button
  class="MuiButtonBase-root tss-1b9x7sz-ButtonBase-root-ButtonBase-focusOut-IconButton-root mui-10d1a0h-MuiButtonBase-root"
  tabindex="0"
  type="button"
>
  <div
    class="tss-w1sjks-Icon-root-Icon-sizeMd"
  >
    <svg
      aria-hidden="true"
      class="MuiSvgIcon-root MuiSvgIcon-fontSizeMedium mui-i4bv87-MuiSvgIcon-root"
      color="inherit"
      focusable="false"
      viewBox="0 0 24 24"
    >
      plus.svg
    </svg>
  </div>
</button>
`;
